---
source: src/widget.rs
expression: view
---
Buffer {
    area: Rect { x: 0, y: 0, width: 80, height: 24 },
    content: [
        "This line will be displayed with an underline. This should have no style.â–ˆ      ",
        "                                                                                ",
        "                                                                                ",
        "                                                                                ",
        "                                                                                ",
        "                                                                                ",
        "                                                                                ",
        "                                                                                ",
        "                                                                                ",
        "                                                                                ",
        "                                                                                ",
        "                                                                                ",
        "                                                                                ",
        "                                                                                ",
        "                                                                                ",
        "                                                                                ",
        "                                                                                ",
        "                                                                                ",
        "                                                                                ",
        "                                                                                ",
        "                                                                                ",
        "                                                                                ",
        "                                                                                ",
        "                                                                                ",
    ],
    styles: [
        x: 0, y: 0, fg: Reset, bg: Reset, underline: Reset, modifier: UNDERLINED,
        x: 46, y: 0, fg: Reset, bg: Reset, underline: Reset, modifier: NONE,
        x: 73, y: 0, fg: Gray, bg: Reset, underline: Reset, modifier: NONE,
        x: 74, y: 0, fg: Reset, bg: Reset, underline: Reset, modifier: NONE,
    ]
}
