---
source: src/widget.rs
expression: view
---
Buffer {
    area: Rect { x: 0, y: 0, width: 80, height: 24 },
    content: [
        "This line will be displayed inversed. This should have no style.â–ˆ               ",
        "                                                                                ",
        "                                                                                ",
        "                                                                                ",
        "                                                                                ",
        "                                                                                ",
        "                                                                                ",
        "                                                                                ",
        "                                                                                ",
        "                                                                                ",
        "                                                                                ",
        "                                                                                ",
        "                                                                                ",
        "                                                                                ",
        "                                                                                ",
        "                                                                                ",
        "                                                                                ",
        "                                                                                ",
        "                                                                                ",
        "                                                                                ",
        "                                                                                ",
        "                                                                                ",
        "                                                                                ",
        "                                                                                ",
    ],
    styles: [
        x: 0, y: 0, fg: Reset, bg: Reset, modifier: REVERSED,
        x: 37, y: 0, fg: Reset, bg: Reset, modifier: (empty),
        x: 64, y: 0, fg: Gray, bg: Reset, modifier: (empty),
        x: 65, y: 0, fg: Reset, bg: Reset, modifier: (empty),
    ]
}
