---
source: src/widget.rs
expression: view
---
Buffer {
    area: Rect { x: 0, y: 0, width: 80, height: 24 },
    content: [
        "This line will be displayed bold. This should have no style.â–ˆ                   ",
        "                                                                                ",
        "                                                                                ",
        "                                                                                ",
        "                                                                                ",
        "                                                                                ",
        "                                                                                ",
        "                                                                                ",
        "                                                                                ",
        "                                                                                ",
        "                                                                                ",
        "                                                                                ",
        "                                                                                ",
        "                                                                                ",
        "                                                                                ",
        "                                                                                ",
        "                                                                                ",
        "                                                                                ",
        "                                                                                ",
        "                                                                                ",
        "                                                                                ",
        "                                                                                ",
        "                                                                                ",
        "                                                                                ",
    ],
    styles: [
        x: 0, y: 0, fg: Reset, bg: Reset, underline: Reset, modifier: BOLD,
        x: 33, y: 0, fg: Reset, bg: Reset, underline: Reset, modifier: NONE,
        x: 60, y: 0, fg: Gray, bg: Reset, underline: Reset, modifier: NONE,
        x: 61, y: 0, fg: Reset, bg: Reset, underline: Reset, modifier: NONE,
    ]
}
